------------------------------------------------------------
TimeQuest Timing Analyzer Summary
------------------------------------------------------------

Type  : Slow 1200mV 85C Model Setup 'clock'
Slack : -5.372
TNS   : -1371.872

Type  : Slow 1200mV 85C Model Hold 'clock'
Slack : 0.166
TNS   : 0.000

Type  : Slow 1200mV 85C Model Recovery 'clock'
Slack : 0.021
TNS   : 0.000

Type  : Slow 1200mV 85C Model Removal 'clock'
Slack : -0.102
TNS   : -11.432

Type  : Slow 1200mV 85C Model Minimum Pulse Width 'clock'
Slack : -3.000
TNS   : -372.000

Type  : Slow 1200mV 85C Model Minimum Pulse Width 'reset'
Slack : -3.000
TNS   : -3.000

Type  : Slow 1200mV 0C Model Setup 'clock'
Slack : -4.754
TNS   : -1203.505

Type  : Slow 1200mV 0C Model Hold 'clock'
Slack : 0.137
TNS   : 0.000

Type  : Slow 1200mV 0C Model Recovery 'clock'
Slack : 0.076
TNS   : 0.000

Type  : Slow 1200mV 0C Model Removal 'clock'
Slack : -0.100
TNS   : -11.157

Type  : Slow 1200mV 0C Model Minimum Pulse Width 'clock'
Slack : -3.000
TNS   : -372.000

Type  : Slow 1200mV 0C Model Minimum Pulse Width 'reset'
Slack : -3.000
TNS   : -3.000

Type  : Fast 1200mV 0C Model Setup 'clock'
Slack : -2.569
TNS   : -611.959

Type  : Fast 1200mV 0C Model Hold 'clock'
Slack : 0.046
TNS   : 0.000

Type  : Fast 1200mV 0C Model Recovery 'clock'
Slack : -0.079
TNS   : -8.130

Type  : Fast 1200mV 0C Model Removal 'clock'
Slack : -0.082
TNS   : -9.196

Type  : Fast 1200mV 0C Model Minimum Pulse Width 'clock'
Slack : -3.000
TNS   : -381.617

Type  : Fast 1200mV 0C Model Minimum Pulse Width 'reset'
Slack : -3.000
TNS   : -3.000

------------------------------------------------------------
